WARNING: A terminally deprecated method in sun.misc.Unsafe has been called
WARNING: sun.misc.Unsafe::objectFieldOffset has been called by akka.util.Unsafe (file:/Users/mjg/.cache/firebase/emulators/firebase-database-emulator-v4.11.2.jar)
WARNING: Please consider reporting this to the maintainers of class akka.util.Unsafe
WARNING: sun.misc.Unsafe::objectFieldOffset will be removed in a future release
11:57:12.176 [NamespaceSystem-akka.actor.default-dispatcher-5] INFO akka.event.slf4j.Slf4jLogger - Slf4jLogger started
11:57:12.274 [main] INFO com.firebase.server.forge.App$ - Listening at 127.0.0.1:9000
11:57:12.687 [NamespaceSystem-akka.actor.default-dispatcher-5] INFO com.firebase.core.namespace.NamespaceActor - movie-hat-9c418-default-rtdb successfully activated FBKV (SurveyIdle(0)) wait: 73ms, init: 0ms
11:57:12.791 [NamespaceSystem-blocking-namespace-operation-dispatcher-7] INFO com.firebase.core.namespace.StateManager - Namespace movie-hat-9c418-default-rtdb status Active to Active
11:57:13.651 [FirebaseWorkerPool-1-3] WARN com.firebase.core.persistence.backend.dummy.EmulatorMetadataPersistence - Multiple projectIds are not recommended in single project mode. Requested 
namespace movie-hat-9c418, but the emulator is configured for movie-hat-9c418-default-rtdb. To 
opt-out of single project mode add/set the singleProjectMode: false property in 
the firebase.json emulators config. 
11:57:13.654 [NamespaceSystem-akka.actor.default-dispatcher-6] INFO com.firebase.core.namespace.NamespaceActor - movie-hat-9c418 successfully activated FBKV (SurveyIdle(0)) wait: 1ms, init: 0ms
11:57:13.673 [NamespaceSystem-blocking-namespace-operation-dispatcher-7] INFO com.firebase.core.namespace.StateManager - Namespace movie-hat-9c418 status Active to Active
11:57:13.858 [FirebaseWorkerPool-1-1] WARN com.firebase.server.forge.App$ - Received service account token eyJh...lfQ., assuming ownership.
11:57:13.927 [FirebaseWorkerPool-1-3] WARN com.firebase.server.forge.App$ - Received service account token eyJh...lfQ., assuming ownership.
11:57:13.951 [FirebaseWorkerPool-1-1] WARN com.firebase.server.forge.App$ - Received service account token eyJh...lfQ., assuming ownership.
11:57:13.974 [FirebaseWorkerPool-1-3] WARN com.firebase.server.forge.App$ - Received service account token eyJh...lfQ., assuming ownership.
11:57:13.998 [FirebaseWorkerPool-1-1] WARN com.firebase.server.forge.App$ - Received service account token eyJh...lfQ., assuming ownership.
11:57:14.030 [FirebaseWorkerPool-1-4] WARN com.firebase.server.forge.App$ - Received service account token eyJh...lfQ., assuming ownership.
11:57:14.048 [FirebaseWorkerPool-1-1] WARN com.firebase.server.forge.App$ - Received service account token eyJh...lfQ., assuming ownership.
11:57:14.060 [FirebaseWorkerPool-1-2] WARN com.firebase.server.forge.App$ - Received service account token eyJh...lfQ., assuming ownership.
11:57:14.095 [FirebaseWorkerPool-1-1] WARN com.firebase.server.forge.App$ - Received service account token eyJh...lfQ., assuming ownership.
11:57:14.126 [FirebaseWorkerPool-1-4] WARN com.firebase.server.forge.App$ - Received service account token eyJh...lfQ., assuming ownership.
11:57:14.156 [FirebaseWorkerPool-1-1] WARN com.firebase.server.forge.App$ - Received service account token eyJh...ZX0., assuming ownership.
11:57:14.178 [FirebaseWorkerPool-1-3] WARN com.firebase.server.forge.App$ - Received service account token eyJh...lfQ., assuming ownership.
11:57:14.187 [FirebaseWorkerPool-1-4] WARN com.firebase.server.forge.App$ - Received service account token eyJh...lfQ., assuming ownership.
11:57:14.197 [FirebaseWorkerPool-1-1] WARN com.firebase.server.forge.App$ - Received service account token eyJh...ZX0., assuming ownership.
11:57:14.217 [FirebaseWorkerPool-1-3] WARN com.firebase.server.forge.App$ - Received service account token eyJh...ZX0., assuming ownership.
11:57:14.237 [FirebaseWorkerPool-1-1] WARN com.firebase.server.forge.App$ - Received service account token eyJh...lfQ., assuming ownership.
11:57:14.257 [FirebaseWorkerPool-1-3] WARN com.firebase.server.forge.App$ - Received service account token eyJh...ZX0., assuming ownership.
11:57:14.294 [FirebaseWorkerPool-1-3] WARN com.firebase.server.forge.App$ - Received service account token eyJh...lfQ., assuming ownership.
11:57:14.304 [FirebaseWorkerPool-1-4] WARN com.firebase.server.forge.App$ - Received service account token eyJh...lfQ., assuming ownership.
11:57:14.327 [FirebaseWorkerPool-1-2] WARN com.firebase.server.forge.App$ - Received service account token eyJh...lfQ., assuming ownership.
11:57:14.355 [FirebaseWorkerPool-1-1] WARN com.firebase.server.forge.App$ - Received service account token eyJh...lfQ., assuming ownership.
11:57:14.382 [FirebaseWorkerPool-1-4] WARN com.firebase.server.forge.App$ - Received service account token eyJh...lfQ., assuming ownership.
11:57:14.408 [FirebaseWorkerPool-1-3] WARN com.firebase.server.forge.App$ - Received service account token eyJh...lfQ., assuming ownership.
11:57:14.419 [FirebaseWorkerPool-1-4] WARN com.firebase.server.forge.App$ - Received service account token eyJh...lfQ., assuming ownership.
11:57:14.438 [FirebaseWorkerPool-1-2] WARN com.firebase.server.forge.App$ - Received service account token eyJh...ZX0., assuming ownership.
11:57:14.473 [FirebaseWorkerPool-1-2] WARN com.firebase.server.forge.App$ - Received service account token eyJh...lfQ., assuming ownership.
11:57:14.483 [FirebaseWorkerPool-1-3] WARN com.firebase.server.forge.App$ - Received service account token eyJh...ZX0., assuming ownership.
11:57:14.509 [FirebaseWorkerPool-1-2] WARN com.firebase.server.forge.App$ - Received service account token eyJh...lfQ., assuming ownership.
11:57:14.535 [FirebaseWorkerPool-1-1] WARN com.firebase.server.forge.App$ - Received service account token eyJh...lfQ., assuming ownership.
11:57:14.553 [FirebaseWorkerPool-1-3] WARN com.firebase.server.forge.App$ - Received service account token eyJh...lfQ., assuming ownership.
11:57:14.571 [FirebaseWorkerPool-1-1] WARN com.firebase.server.forge.App$ - Received service account token eyJh...lfQ., assuming ownership.
11:57:14.589 [FirebaseWorkerPool-1-3] WARN com.firebase.server.forge.App$ - Received service account token eyJh...ZX0., assuming ownership.
11:57:14.603 [FirebaseWorkerPool-1-4] WARN com.firebase.server.forge.App$ - Received service account token eyJh...ZX0., assuming ownership.
11:57:14.629 [FirebaseWorkerPool-1-3] WARN com.firebase.server.forge.App$ - Received service account token eyJh...lfQ., assuming ownership.
11:57:14.646 [FirebaseWorkerPool-1-1] WARN com.firebase.server.forge.App$ - Received service account token eyJh...lfQ., assuming ownership.
11:57:14.656 [FirebaseWorkerPool-1-2] WARN com.firebase.server.forge.App$ - Received service account token eyJh...lfQ., assuming ownership.
11:57:14.664 [FirebaseWorkerPool-1-3] WARN com.firebase.server.forge.App$ - Received service account token eyJh...lfQ., assuming ownership.
11:57:14.683 [FirebaseWorkerPool-1-1] WARN com.firebase.server.forge.App$ - Received service account token eyJh...lfQ., assuming ownership.
11:57:14.887 [NamespaceSystem-blocking-namespace-operation-dispatcher-7] INFO com.firebase.core.namespace.StateManager - Namespace movie-hat-9c418 status Active to Active
11:57:14.900 [FirebaseWorkerPool-1-3] WARN com.firebase.server.forge.App$ - Received service account token eyJh...fX0., assuming ownership.
11:57:15.444 [Thread-0] INFO com.firebase.server.forge.App$ - Attempting graceful shutdown.
11:57:15.451 [NamespaceSystem-akka.actor.default-dispatcher-6] INFO com.firebase.core.namespace.Terminator$Terminator - 2 actors left to terminate: movie-hat-9c418-default-rtdb, movie-hat-9c418
11:57:15.454 [NamespaceSystem-akka.actor.default-dispatcher-9] INFO com.firebase.core.namespace.NamespaceActor - stopped namespace actor for movie-hat-9c418-default-rtdb
11:57:15.454 [NamespaceSystem-akka.actor.default-dispatcher-5] INFO com.firebase.core.namespace.NamespaceActor - stopped namespace actor for movie-hat-9c418
11:57:15.457 [Thread-0] INFO com.firebase.server.forge.App$ - Graceful shutdown complete.
